// Jest Snapshot v1, https://goo.gl/fbAQLP

exports[`<NavBar /> render() renders the component 1`] = `
<ContextConsumer>
  <Component />
</ContextConsumer>
`;
